// Jest Snapshot v1, https://goo.gl/fbAQLP

exports[`Pruebas en <AddCategory /> debe de mostrase correctamente 1`] = `
<form
  onSubmit={[Function]}
>
  <input
    onChange={[Function]}
    placeholder="Busca tu GIF favorito"
    type="text"
    value=""
  />
</form>
`;
